// Jest Snapshot v1, https://goo.gl/fbAQLP

exports[`Card should render correctly 1`] = `
<DocumentFragment>
  <div
    class="card"
  >
    <div
      class="card-image"
    >
      <img
        alt="image"
        src="https://picsum.photos/200/300"
      />
    </div>
    <div
      class="card-data"
    >
      <div>
        10th
      October, 
      2020
      </div>
      <div>
        5 mins
      </div>
    </div>
    <div
      class="card-title"
    >
      Test Title
    </div>
    <div
      class="card-subtitle"
    >
      Test Description
    </div>
    <div>
      <hr />
    </div>
    <div
      class="card-footer"
    >
      <div
        class="card-claps"
      >
        <div
          class="card-footer-icons"
        >
          <img
            alt="clapping"
            src="clapping.svg"
          />
        </div>
        <div
          class="claps"
          data-testid="clap-count"
        >
          0
        </div>
      </div>
      <div
        class="card-footer-icons"
      >
        <img
          alt="like"
          src="heart-black.svg"
        />
      </div>
    </div>
  </div>
</DocumentFragment>
`;
